// Jest Snapshot v1, https://goo.gl/fbAQLP

exports[`#render: can be built as a static method 1`] = `"<apptentive-love-dialog id="apptentive-love-dialog-55bae8ef35878bc3c600057c" class="fixed corner"><div class="apptentive-love-dialog-content"><div class="close-love-dialog">✕</div><div class="apptentive-love-dialog-title"><h1>Do you love app?</h1></div><div class="apptentive-love-dialog-actions"><button class="apptentive-love-dialog-action apptentive-love-dialog-no">No</button><button class="apptentive-love-dialog-action apptentive-love-dialog-yes">Yes!</button></div></div></apptentive-love-dialog>"`;

exports[`#render: should render a DOM element on the page 1`] = `"<apptentive-love-dialog id="apptentive-love-dialog-55bae8ef35878bc3c600057c" class="fixed corner"><div class="apptentive-love-dialog-content"><div class="close-love-dialog">✕</div><div class="apptentive-love-dialog-title"><h1>Do you love app?</h1></div><div class="apptentive-love-dialog-actions"><button class="apptentive-love-dialog-action apptentive-love-dialog-no">No</button><button class="apptentive-love-dialog-action apptentive-love-dialog-yes">Yes!</button></div></div></apptentive-love-dialog>"`;
