// Jest Snapshot v1, https://goo.gl/fbAQLP

exports[`Note #render: can be built as a static method 1`] = `"<apptentive-note id="apptentive-note-54d50f69cd68dc00c30001dd"><div class="apptentive-note-overlay"></div><div class="apptentive-note-content fixed corner"><div class="apptentive-note-title"><h1>We'd love your feedback!</h1></div><div class="apptentive-note-body">Could you help with a quick 3 minute survey?</div><div class="apptentive-note-actions"><div class="apptentive-note-action dismiss" id="action-54d50f70cd68dc65d400008d"><h2 class="apptentive-note-label">Dismiss</h2></div><div class="apptentive-note-action interaction" id="action-54d50f70cd68dc65d400008e"><h2 class="apptentive-note-label">See Apptentive</h2></div></div></div></apptentive-note>"`;

exports[`Note #render: should render a DOM element on the page 1`] = `"<apptentive-note id="apptentive-note-54d50f69cd68dc00c30001dd"><div class="apptentive-note-overlay"></div><div class="apptentive-note-content fixed corner"><div class="apptentive-note-title"><h1>We'd love your feedback!</h1></div><div class="apptentive-note-body">Could you help with a quick 3 minute survey?</div><div class="apptentive-note-actions"><div class="apptentive-note-action dismiss" id="action-54d50f70cd68dc65d400008d"><h2 class="apptentive-note-label">Dismiss</h2></div><div class="apptentive-note-action interaction" id="action-54d50f70cd68dc65d400008e"><h2 class="apptentive-note-label">See Apptentive</h2></div></div></div></apptentive-note>"`;

exports[`Note #renderNoteActions: can render 1`] = `"<div class="apptentive-note-actions"><div class="apptentive-note-action dismiss" id="action-54d50f70cd68dc65d400008d"><h2 class="apptentive-note-label">Dismiss</h2></div><div class="apptentive-note-action interaction" id="action-54d50f70cd68dc65d400008e"><h2 class="apptentive-note-label">See Apptentive</h2></div></div>"`;
